[*] No Lambert-W table found, consider running `gen_lambert_w_table.py`
[INIT] V=53.5V  ped_mean=0.17  ped_sigma=8.73  spe_mean=50.17  spe_sigma=8.85  lam_est=0.588
[ROI ] fit range Q >= -21.66  fit_entries=572228  total_entries=576520
[INIT] initial theta — V=53.5V
[INIT]   log_A                  +13.26477                A=576520
[INIT]   ped_mean                +0.16700                
[INIT]   ped_sigma               +8.73164                
[INIT]   a_logSigma              +2.17999                sigma=8.846
[INIT]   b_logDiff               +3.72156                spe_mean=50.175
[INIT]   log_xi                  -3.21888                theta=0.04
[INIT]   lam                     +0.58772                
[FIT ] V=53.5V  n_params=7  dcr=off  backend=cpu  loop=python  seeds=16
[FIT ] V=53.5V  converged=True  logl=-1852.35  n_iter=54
[MLE ] final theta — V=53.5V
[MLE ]   log_A                  +13.26477  ±0.0013       A=576520
[MLE ]   ped_mean                +0.03747  ±0.0158       
[MLE ]   ped_sigma               +9.03824  ±0.0115       
[MLE ]   a_logSigma              +1.14651  ±0.0131       sigma=3.147
[MLE ]   b_logDiff               +3.83189  ±0.0010       spe_mean=49.297
[MLE ]   log_xi                  -5.20500  ±0.1722       theta=0.00548906
[MLE ]   lam                     +0.58686  ±0.0012       
[CHI2] V=53.5V  chi2=845.4  ndf=284  p=0.000
[SAVE] results/PCB6_MPPC_53.5V_apoff.json
[SCAN] scanning lam...
[SCAN] scanning b_logDiff...
[SCAN] scanning log_xi...
[PLOT] figures/PCB6_MPPC_53.5V_apoff.pdf
