[*] No Lambert-W table found, consider running `gen_lambert_w_table.py`
[INIT] V=55.0V  ped_mean=0.17  ped_sigma=8.61  spe_mean=88.18  spe_sigma=9.60  lam_est=0.937
[ROI ] fit range Q >= -29.98  fit_entries=349390  total_entries=349440
[DCR ] auto-estimated mu_dark=0.06511
[DCR ] mu_dark_init=0.06511  fixed=False  T=104.0ns  t0=100.0ns  tau=21.953ns
[INIT] initial theta — V=55.0V
[INIT]   log_A                  +12.76409                A=349440
[INIT]   ped_mean                +0.16700                
[INIT]   ped_sigma               +8.61242                
[INIT]   a_logSigma              +2.26181                sigma=9.600
[INIT]   b_logDiff               +4.36412                spe_mean=88.181
[INIT]   log_xi                  -3.21888                theta=0.04
[INIT]   lam                     +0.93666                
[INIT]   log_mu_dark             -2.73166                mu_dark=0.06511
[FIT ] V=55.0V  n_params=8  dcr=on  backend=cpu  loop=python  seeds=16
[FIT ] V=55.0V  converged=True  logl=-2295.59  n_iter=112
[MLE ] final theta — V=55.0V
[MLE ]   log_A                  +12.76409  ±0.0017       A=349440
[MLE ]   ped_mean                +0.19189  ±0.0224       
[MLE ]   ped_sigma               +8.66045  ±0.0167       
[MLE ]   a_logSigma              +1.39601  ±0.0097       sigma=4.039
[MLE ]   b_logDiff               +4.45137  ±0.0005       spe_mean=89.783
[MLE ]   log_xi                  -4.44715  ±0.1059       theta=0.0117119
[MLE ]   lam                     +0.89250  ±0.0020       
[MLE ]   log_mu_dark             -2.54913  ±0.0166       mu_dark=0.07815
[CHI2] V=55.0V  chi2=827.5  ndf=556  p=0.000
[DCR ] V=55.0V  mu_dark=0.07815  ±0.0013
[SAVE] results/PCB6_MPPC_55V_dcr_apoff.json
[SCAN] scanning lam...
[SCAN] scanning b_logDiff...
[SCAN] scanning log_xi...
[SCAN] scanning log_mu_dark...
[PLOT] figures/PCB6_MPPC_55V_dcr_apoff.pdf
