[*] No Lambert-W table found, consider running `gen_lambert_w_table.py`
[INIT] V=54.0V  ped_mean=0.17  ped_sigma=8.56  spe_mean=64.01  spe_sigma=9.34  lam_est=0.729
[ROI ] fit range Q >= -25.52  fit_entries=389374  total_entries=390040
[DCR ] V=54.0V: weakly constrained — treat DCR uncertainty with caution
[DCR ] auto-estimated mu_dark=0.1005
[DCR ] mu_dark_init=0.1005  fixed=False  T=104.0ns  t0=100.0ns  tau=21.953ns
[INIT] initial theta — V=54.0V
[INIT]   log_A                  +12.87400                A=390040
[INIT]   ped_mean                +0.16700                
[INIT]   ped_sigma               +8.56226                
[INIT]   a_logSigma              +2.23472                sigma=9.344
[INIT]   b_logDiff               +4.00125                spe_mean=64.010
[INIT]   log_xi                  -3.21888                theta=0.04
[INIT]   lam                     +0.72861                
[INIT]   log_mu_dark             -2.29791                mu_dark=0.1005
[FIT ] V=54.0V  n_params=8  dcr=on  backend=cpu  loop=python  seeds=16
[FIT ] V=54.0V  converged=True  logl=-1731.85  n_iter=105
[MLE ] final theta — V=54.0V
[MLE ]   log_A                  +12.87401  ±0.0016       A=390040
[MLE ]   ped_mean                +0.10238  ±0.0208       
[MLE ]   ped_sigma               +8.73434  ±0.0154       
[MLE ]   a_logSigma              +1.22560  ±0.0141       sigma=3.406
[MLE ]   b_logDiff               +4.08670  ±0.0010       spe_mean=62.949
[MLE ]   log_xi                  -5.10366  ±0.1942       theta=0.00607447
[MLE ]   lam                     +0.69957  ±0.0019       
[MLE ]   log_mu_dark             -2.91803  ±0.0390       mu_dark=0.05404
[CHI2] V=54.0V  chi2=497.5  ndf=380  p=0.000
[DCR ] V=54.0V  mu_dark=0.05404  ±0.0021
[SAVE] results/PCB6_MPPC_54V_dcr_apoff.json
[SCAN] scanning lam...
[SCAN] scanning b_logDiff...
[SCAN] scanning log_xi...
[SCAN] scanning log_mu_dark...
[PLOT] figures/PCB6_MPPC_54V_dcr_apoff.pdf
