[*] No Lambert-W table found, consider running `gen_lambert_w_table.py`
[INIT] V=55.0V  ped_mean=0.17  ped_sigma=8.61  spe_mean=88.18  spe_sigma=9.60  lam_est=0.937
[ROI ] fit range Q >= -29.98  fit_entries=349390  total_entries=349440
[DCR ] auto-estimated mu_dark=0.06511
[DCR ] mu_dark_init=0.06511  fixed=False  T=104.0ns  t0=100.0ns  tau=21.953ns
[INIT] initial theta — V=55.0V
[INIT]   log_A                  +12.76409                A=349440
[INIT]   ped_mean                +0.16700                
[INIT]   ped_sigma               +8.61242                
[INIT]   a_logSigma              +2.26181                sigma=9.600
[INIT]   b_logDiff               +4.36412                spe_mean=88.181
[INIT]   log_xi                  -3.21888                theta=0.04
[INIT]   log_rho                 -4.60517                rho=0.01000
[INIT]   logit_beta              -3.07883                beta=0.04399
[INIT]   lam                     +0.93666                
[INIT]   log_mu_dark             -2.73166                mu_dark=0.06511
[FIT ] V=55.0V  n_params=10  dcr=on  backend=cpu  loop=python  seeds=16
[FIT ] V=55.0V  converged=True  logl=-2171.72  n_iter=310
[MLE ] final theta — V=55.0V
[MLE ]   log_A                  +12.76409  ±0.0017       A=349440
[MLE ]   ped_mean                +0.23249  ±0.0227       
[MLE ]   ped_sigma               +8.72268  ±0.0172       
[MLE ]   a_logSigma              +1.35408  ±0.0107       sigma=3.873
[MLE ]   b_logDiff               +4.45251  ±0.0006       spe_mean=89.715
[MLE ]   log_xi                  -4.58854  ±0.1239       theta=0.0101677
[MLE ]   log_rho                 -4.88392  ±0.0201       rho=0.00757
[MLE ]   logit_beta              -0.24156  ±0.0356       beta=0.43990
[MLE ]   lam                     +0.89964  ±0.0021       
[MLE ]   log_mu_dark             -2.79209  ±0.0252       mu_dark=0.06129
[CHI2] V=55.0V  chi2=560.9  ndf=561  p=0.493
[DCR ] V=55.0V  mu_dark=0.06129  ±0.0015
[SAVE] results/PCB6_MPPC_55V.json
[SCAN] scanning lam...
[SCAN] scanning b_logDiff...
[SCAN] scanning log_xi...
[SCAN] scanning log_rho...
[SCAN] scanning logit_beta...
[SCAN] scanning log_mu_dark...
[PLOT] figures/PCB6_MPPC_55V.pdf
