[*] No Lambert-W table found, consider running `gen_lambert_w_table.py`
[INIT] V=54.5V  ped_mean=1.17  ped_sigma=8.59  spe_mean=76.51  spe_sigma=9.51  lam_est=0.840
[ROI ] fit range Q >= -24.60  fit_entries=331412  total_entries=331800
[DCR ] auto-estimated mu_dark=0.06399
[DCR ] mu_dark_init=0.06399  fixed=False  T=104.0ns  t0=100.0ns  tau=21.953ns
[INIT] initial theta — V=54.5V
[INIT]   log_A                  +12.71229                A=331800
[INIT]   ped_mean                +1.16700                
[INIT]   ped_sigma               +8.59033                
[INIT]   a_logSigma              +2.25271                sigma=9.514
[INIT]   b_logDiff               +4.20468                spe_mean=76.513
[INIT]   log_xi                  -3.21888                theta=0.04
[INIT]   log_rho                 -4.60517                rho=0.01000
[INIT]   logit_beta              -2.93944                beta=0.05024
[INIT]   lam                     +0.83987                
[INIT]   log_mu_dark             -2.74903                mu_dark=0.06399
[FIT ] V=54.5V  n_params=10  dcr=on  backend=cpu  loop=python  seeds=16
[FIT ] V=54.5V  converged=True  logl=-1834.86  n_iter=334
[MLE ] final theta — V=54.5V
[MLE ]   log_A                  +12.71229  ±0.0017       A=331800
[MLE ]   ped_mean                +0.24213  ±0.0225       
[MLE ]   ped_sigma               +8.67263  ±0.0172       
[MLE ]   a_logSigma              +1.31645  ±0.0127       sigma=3.730
[MLE ]   b_logDiff               +4.28527  ±0.0007       spe_mean=76.352
[MLE ]   log_xi                  -5.01179  ±0.1965       theta=0.00665894
[MLE ]   log_rho                 -5.37374  ±0.0784       rho=0.00464
[MLE ]   logit_beta              -0.28717  ±0.1339       beta=0.42870
[MLE ]   lam                     +0.80765  ±0.0021       
[MLE ]   log_mu_dark             -2.86687  ±0.0314       mu_dark=0.05688
[CHI2] V=54.5V  chi2=512.5  ndf=463  p=0.056
[DCR ] V=54.5V  mu_dark=0.05688  ±0.0018
[SAVE] results/PCB6_MPPC_54.5V.json
[SCAN] scanning lam...
[SCAN] scanning b_logDiff...
[SCAN] scanning log_xi...
[SCAN] scanning log_rho...
[SCAN] scanning logit_beta...
[SCAN] scanning log_mu_dark...
[PLOT] figures/PCB6_MPPC_54.5V.pdf
