[*] No Lambert-W table found, consider running `gen_lambert_w_table.py`
[INIT] V=55.0V  ped_mean=0.17  ped_sigma=8.61  spe_mean=88.18  spe_sigma=9.60  lam_est=0.937
[ROI ] fit range Q >= -29.98  fit_entries=349390  total_entries=349440
[INIT] initial theta — V=55.0V
[INIT]   log_A                  +12.76409                A=349440
[INIT]   ped_mean                +0.16700                
[INIT]   ped_sigma               +8.61242                
[INIT]   a_logSigma              +2.26181                sigma=9.600
[INIT]   b_logDiff               +4.36412                spe_mean=88.181
[INIT]   log_xi                  -3.21888                theta=0.04
[INIT]   log_rho                 -4.60517                rho=0.01000
[INIT]   logit_beta              -3.07883                beta=0.04399
[INIT]   lam                     +0.93666                
[FIT ] V=55.0V  n_params=9  dcr=off  backend=cpu  loop=python  seeds=16
[FIT ] V=55.0V  converged=True  logl=-5305.88  n_iter=131
[MLE ] final theta — V=55.0V
[MLE ]   log_A                  +12.76409  ±0.0017       A=349440
[MLE ]   ped_mean                +0.48613  ±0.0230       
[MLE ]   ped_sigma               +9.26698  ±0.0169       
[MLE ]   a_logSigma              +1.34008  ±0.0118       sigma=3.819
[MLE ]   b_logDiff               +4.44927  ±0.0006       spe_mean=89.384
[MLE ]   log_xi                  -5.15848  ±0.2139       theta=0.00575044
[MLE ]   log_rho                 -3.99082  ±0.0153       rho=0.01848
[MLE ]   logit_beta              -0.18308  ±0.0407       beta=0.45436
[MLE ]   lam                     +0.93053  ±0.0020       
[CHI2] V=55.0V  chi2=9490.1  ndf=572  p=0.000
[SAVE] results/PCB6_MPPC_55V_nodcr.json
[SCAN] scanning lam...
[SCAN] scanning b_logDiff...
[SCAN] scanning log_xi...
[SCAN] scanning log_rho...
[SCAN] scanning logit_beta...
[PLOT] figures/PCB6_MPPC_55V_nodcr.pdf
